clause(cup(_2),(liftable(_2),holds_liquid(_2)))
clause(liftable(_2),(light(_2),part(_2,handle)))
clause(light(_2),small(_2))
clause(holds_liquid(_2),(part(_2,_60),concave(_60),points_up(_60)))
clause(concave(bowl),true)
cup(_2) :- (small(_2),part(_2,handle)),part(_2,_60),concave(_60),points_up(_60)
