clause(cup(_6),(liftable(_6),holds_liquid(_6)))
clause(liftable(_6),(light(_6),part(_6,handle)))
clause(light(_6),small(_6))
clause(holds_liquid(_6),(part(_6,_64),concave(_64),points_up(_64)))
clause(concave(bowl),true)
cup(_6) :- (small(_6),part(_6,handle)),part(_6,_64),concave(_64),points_up(_64)
